// Vitest Snapshot v1, https://vitest.dev/guide/snapshot.html

exports[`toMatchSheetSnapshot should be able to use the matcher 1`] = `
"
┌───┬───┬───┐
│ a │ b │ c │
├───┼───┼───┤
│ 1 │ 2 │ 3 │
├───┼───┼───┤
│ 2 │ 3 │ 1 │
└───┴───┴───┘
"
`;
